Microchip MPLAB XC8 Compiler V1.38 ()

Linker command line:

-W-3 --edf=/opt/microchip/xc8/v1.38/dat/en_msgs.txt -cs \
  -h+dist/default/production/mapp-electronic-timetable.production.sym \
  --cmf=dist/default/production/mapp-electronic-timetable.production.cmf -z \
  -Q18F4550 -o/tmp/xcXhv0pva \
  -Mdist/default/production/mapp-electronic-timetable.production.map -E1 \
  -ver=XC8 -ASTACK=0E5h-07ffh -pstack=STACK -ACODE=01000h-07FFFh \
  -ACONST=01000h-07FFFh -ASMALLCONST=01000h-010FFhx112 \
  -AMEDIUMCONST=01000h-07FFFh -ACOMRAM=01h-05Fh -AABS1=00h-07FFh \
  -ABIGRAM=01h-07FFh -ARAM=060h-0FFh,0100h-01FFhx7 -ABANK0=060h-0FFh \
  -ABANK1=0100h-01FFh -ABANK2=0200h-02FFh -ABANK3=0300h-03FFh \
  -ABANK4=0400h-04FFh -ABANK5=0500h-05FFh -ABANK6=0600h-06FFh \
  -ABANK7=0700h-07FFh -ASFR=0F60h-0FFFh \
  -preset_vec=01000h,intcode=01008h,intcodelo,powerup,init,end_init \
  -pramtop=0800h -psmallconst=SMALLCONST -pmediumconst=MEDIUMCONST \
  -pconst=CONST -AFARRAM=00h-00h -ACONFIG=0300000h-030000Dh -pconfig=CONFIG \
  -AIDLOC=0200000h-0200007h -pidloc=IDLOC -AEEDATA=0F00000h-0F000FFh \
  -peeprom_data=EEDATA \
  -prdata=COMRAM,nvrram=COMRAM,nvbit=COMRAM,rbss=COMRAM,rbit=COMRAM \
  -pfarbss=FARRAM,fardata=FARRAM,nvFARRAM=FARRAM \
  -pintsave_regs=BIGRAM,bigbss=BIGRAM,bigdata=BIGRAM -pbss=RAM \
  -pidata=CODE,irdata=CODE,ibigdata=CODE,ifardata=CODE -prparam=COMRAM \
  /tmp/xcXCODnAF.obj \
  dist/default/production/mapp-electronic-timetable.production.obj 

Object code version is 3.11

Machine type is 18F4550

Call graph: (short form)




                Name                               Link     Load   Length Selector   Space Scale
/tmp/xcXCODnAF.obj
                end_init                           1016     1016        4      804       0
                reset_vec                          1000     1000        4      800       0
                idloc                            200000   200000        8   200000       0
                config                           300000   300000        E   300000       0
dist/default/production/mapp-electronic-timetable.production.obj
                intcode                            1008     1008        E      804       0
                temp                                 43       43        1        1       1
                smallconst                         101A     101A       14      80D       0
                text20                             1848     1848       84      817       0
                text19                             19C6     19C6       76      817       0
                text18                             1CB2     1CB2       22      817       0
                text17                             1A3C     1A3C       70      817       0
                text16                             1730     1730       94      817       0
                intcode_body                       102E     102E      17C      817       0
                text14                             194C     194C       7A      817       0
                text13                             1C0E     1C0E       44      817       0
                text12                             1C52     1C52       3E      817       0
                text11                             1C90     1C90       22      817       0
                text10                             17C4     17C4       84      817       0
                text9                              1684     1684       AC      817       0
                text8                              14DA     14DA       FA      817       0
                text7                              13E0     13E0       FA      817       0
                text6                              12E6     12E6       FA      817       0
                text5                              11AA     11AA      13C      817       0
                text4                              1CD4     1CD4       1C      817       0
                text3                              1AAC     1AAC       66      817       0
                text2                              18CC     18CC       80      817       0
                text1                              1BC0     1BC0       4E      817       0
                text0                              15D4     15D4       B0      817       0
                cstackCOMRAM                          1        1       1D        1       1
                cstackBANK0                          B4       B4       31       60       1
                dataBANK0                            60       60       54       60       1
                dataCOMRAM                           1E       1E       16        1       1
                bssCOMRAM                            34       34        F        1       1
                cinit                              1B12     1B12       5A      817       0
                idataBANK0                         1B6C     1B6C       54      817       0
                idataCOMRAM                        1CF0     1CF0       16      817       0

TOTAL           Name                               Link     Load   Length     Space
        CLASS   STACK          

        CLASS   CODE           
                end_init                           1016     1016        4         0
                intcode                            1008     1008        E         0
                reset_vec                          1000     1000        4         0
                text20                             1848     1848       84         0
                text19                             19C6     19C6       76         0
                text18                             1CB2     1CB2       22         0
                text17                             1A3C     1A3C       70         0
                text16                             1730     1730       94         0
                intcode_body                       102E     102E      17C         0
                text14                             194C     194C       7A         0
                text13                             1C0E     1C0E       44         0
                text12                             1C52     1C52       3E         0
                text11                             1C90     1C90       22         0
                text10                             17C4     17C4       84         0
                text9                              1684     1684       AC         0
                text8                              14DA     14DA       FA         0
                text7                              13E0     13E0       FA         0
                text6                              12E6     12E6       FA         0
                text5                              11AA     11AA      13C         0
                text4                              1CD4     1CD4       1C         0
                text3                              1AAC     1AAC       66         0
                text2                              18CC     18CC       80         0
                text1                              1BC0     1BC0       4E         0
                text0                              15D4     15D4       B0         0
                cinit                              1B12     1B12       5A         0
                idataBANK0                         1B6C     1B6C       54         0
                idataCOMRAM                        1CF0     1CF0       16         0

        CLASS   CONST          

        CLASS   SMALLCONST     
                smallconst                         101A     101A       14         0

        CLASS   MEDIUMCONST    

        CLASS   COMRAM         
                temp                                 43       43        1         1
                cstackCOMRAM                          1        1       1D         1
                dataCOMRAM                           1E       1E       16         1
                bssCOMRAM                            34       34        F         1

        CLASS   ABS1           

        CLASS   BIGRAM         

        CLASS   RAM            

        CLASS   BANK0          
                cstackBANK0                          B4       B4       31         1
                dataBANK0                            60       60       54         1

        CLASS   BANK1          

        CLASS   BANK2          

        CLASS   BANK3          

        CLASS   BANK4          

        CLASS   BANK5          

        CLASS   BANK6          

        CLASS   BANK7          

        CLASS   SFR            

        CLASS   FARRAM         

        CLASS   CONFIG         
                config                           300000   300000        E         0

        CLASS   IDLOC          
                idloc                            200000   200000        8         0

        CLASS   EEDATA         



SEGMENTS        Name                           Load    Length   Top    Selector   Space  Class

                cstackCOMRAM                   000001  000043  000044         1       1  COMRAM  
                dataBANK0                      000060  000085  0000E5        60       1  BANK0   
                reset_vec                      001000  000004  001004       800       0  CODE    
                intcode                        001008  000012  00101A       804       0  CODE    
                smallconst                     00101A  000014  00102E       80D       0  SMALLCON
                intcode_body                   00102E  000CD8  001D06       817       0  CODE    
                idloc                          200000  000008  200008    200000       0  IDLOC   
                config                         300000  00000E  30000E    300000       0  CONFIG  


UNUSED ADDRESS RANGES

        Name                Unused          Largest block    Delta
        BANK0            0000E5-0000FF               1B
        BANK1            000100-0001FF              100
        BANK2            000200-0002FF              100
        BANK3            000300-0003FF              100
        BANK4            000400-0004FF              100
        BANK5            000500-0005FF              100
        BANK6            000600-0006FF              100
        BANK7            000700-0007FF              100
        BIGRAM           000044-00005F               1C
                         0000E5-0007FF              71B
        CODE             001004-001007                4
                         001D06-007FFF             62FA
        COMRAM           000044-00005F               1C
        CONST            001004-001007                4
                         001D06-007FFF             62FA
        EEDATA           F00000-F000FF              100
        FARRAM           000000-000000                1
        MEDIUMCONST      001004-001007                4
                         001D06-007FFF             62FA
        RAM              0000E5-0007FF              100
        SFR              000F60-000FFF               A0
        SMALLCONST       001004-001007                4
                         001D06-007FFF              100
        STACK            0000E5-0007FF              71B

                                  Symbol Table

?___awdiv                              cstackCOMRAM 000001
ISR_Timer0_Int@hour1                   cstackCOMRAM 000017
ISR_Timer0_Int@hour10                  cstackCOMRAM 00001A
ISR_Timer0_Int@minute1                 cstackCOMRAM 000018
ISR_Timer0_Int@minute10                cstackCOMRAM 00001B
ISR_Timer0_Int@second1                 cstackCOMRAM 000019
ISR_Timer0_Int@second10                cstackCOMRAM 00001C
SetupAlarmTimeA@F4325                  dataBANK0    000060
SetupAlarmTimeA@Message                cstackBANK0  0000C7
SetupAlarmTimeA@ctemp                  cstackBANK0  0000E2
SetupAlarmTimeA@hour1                  cstackBANK0  0000DE
SetupAlarmTimeA@hour10                 cstackBANK0  0000DD
SetupAlarmTimeA@minute1                cstackBANK0  0000E0
SetupAlarmTimeA@minute10               cstackBANK0  0000DF
SetupAlarmTimeA@msgindex               cstackBANK0  0000E1
SetupAlarmTimeA@outchar                cstackBANK0  0000DC
SetupAlarmTimeB@F4335                  dataBANK0    000075
SetupAlarmTimeB@Message                cstackBANK0  0000C7
SetupAlarmTimeB@ctemp                  cstackBANK0  0000E2
SetupAlarmTimeB@hour1                  cstackBANK0  0000DE
SetupAlarmTimeB@hour10                 cstackBANK0  0000DD
SetupAlarmTimeB@minute1                cstackBANK0  0000E0
SetupAlarmTimeB@minute10               cstackBANK0  0000DF
SetupAlarmTimeB@msgindex               cstackBANK0  0000E1
SetupAlarmTimeB@outchar                cstackBANK0  0000DC
SetupAlarmTimeC@F4345                  dataBANK0    00008A
SetupAlarmTimeC@Message                cstackBANK0  0000C7
SetupAlarmTimeC@ctemp                  cstackBANK0  0000E2
SetupAlarmTimeC@hour1                  cstackBANK0  0000DE
SetupAlarmTimeC@hour10                 cstackBANK0  0000DD
SetupAlarmTimeC@minute1                cstackBANK0  0000E0
SetupAlarmTimeC@minute10               cstackBANK0  0000DF
SetupAlarmTimeC@msgindex               cstackBANK0  0000E1
SetupAlarmTimeC@outchar                cstackBANK0  0000DC
SetupTime@F4315                        dataBANK0    00009F
SetupTime@Message                      cstackBANK0  0000C7
SetupTime@ctemp                        cstackBANK0  0000E4
SetupTime@hour1                        cstackBANK0  0000DE
SetupTime@hour10                       cstackBANK0  0000DD
SetupTime@minute1                      cstackBANK0  0000E0
SetupTime@minute10                     cstackBANK0  0000DF
SetupTime@msgindex                     cstackBANK0  0000E3
SetupTime@outchar                      cstackBANK0  0000DC
SetupTime@second1                      cstackBANK0  0000E2
SetupTime@second10                     cstackBANK0  0000E1
_ADCON1                                (abs)        000FC1
_AlarmAOff                             bssCOMRAM    000034
_AlarmBOff                             bssCOMRAM    000036
_AlarmCOff                             bssCOMRAM    000038
_CMCON                                 (abs)        000FB4
_INTCON2                               (abs)        000FF1
_INTCONbits                            (abs)        000FF2
_ISR_Timer0_Int                        intcode      001008
_PORTA                                 (abs)        000F80
_PORTAbits                             (abs)        000F80
_PORTB                                 (abs)        000F81
_PORTBbits                             (abs)        000F81
_PORTD                                 (abs)        000F83
_PORTDbits                             (abs)        000F83
_RCONbits                              (abs)        000FD0
_SetupAlarmTimeA                       text8        0014DA
_SetupAlarmTimeB                       text7        0013E0
_SetupAlarmTimeC                       text6        0012E6
_SetupTime                             text5        0011AA
_SetupTimerInterruptRegisters          text4        001CD4
_Startup                               text3        001AAC
_T0CON                                 (abs)        000FD5
_T0CONbits                             (abs)        000FD5
_TMR0H                                 (abs)        000FD7
_TMR0L                                 (abs)        000FD6
_TRISA                                 (abs)        000F92
_TRISD                                 (abs)        000F95
__HRAM                                 (abs)        000000
__Habs1                                abs1         000000
__Hbank0                               bank0        000000
__Hbank1                               bank1        000000
__Hbank2                               bank2        000000
__Hbank3                               bank3        000000
__Hbank4                               bank4        000000
__Hbank5                               bank5        000000
__Hbank6                               bank6        000000
__Hbank7                               bank7        000000
__Hbigbss                              bigbss       000000
__Hbigdata                             bigdata      000000
__Hbigram                              bigram       000000
__Hbss                                 bss          000000
__HbssCOMRAM                           bssCOMRAM    000000
__Hcinit                               cinit        000000
__Hclrtext                             clrtext      000000
__Hcomram                              comram       000000
__Hconfig                              config       30000E
__Hconst                               const        000000
__HcstackBANK0                         cstackBANK0  000000
__HcstackCOMRAM                        cstackCOMRAM 000000
__Hdata                                data         000000
__HdataBANK0                           dataBANK0    000000
__HdataCOMRAM                          dataCOMRAM   000000
__Heeprom_data                         eeprom_data  000000
__Hend_init                            end_init     00101A
__Hfarbss                              farbss       000000
__Hfardata                             fardata      000000
__Hibigdata                            ibigdata     000000
__Hidata                               idata        000000
__HidataBANK0                          idataBANK0   000000
__HidataCOMRAM                         idataCOMRAM  000000
__Hidloc                               idloc        200008
__Hifardata                            ifardata     000000
__Hinit                                init         001016
__Hintcode                             intcode      001016
__Hintcode_body                        intcode_body 000000
__Hintcodelo                           intcodelo    001016
__Hintentry                            intentry     000000
__Hintret                              intret       000000
__Hintsave_regs                        intsave_regs 000000
__Hirdata                              irdata       000000
__Hmediumconst                         mediumconst  000000
__HnvFARRAM                            nvFARRAM     000000
__Hnvbit                               nvbit        000000
__Hnvrram                              nvrram       000000
__Hparam                               rparam       000000
__Hpowerup                             powerup      001016
__Hram                                 ram          000000
__Hramtop                              ramtop       000800
__Hrbit                                rbit         000000
__Hrbss                                rbss         000000
__Hrdata                               rdata        000000
__Hreset_vec                           reset_vec    001004
__Hrparam                              rparam       000000
__Hsfr                                 sfr          000000
__Hsmallconst                          smallconst   00102E
__Hspace_0                             (abs)        30000E
__Hspace_1                             (abs)        0000E5
__Hspace_2                             (abs)        000000
__Hstack                               stack        000000
__Hstruct                              struct       000000
__Htemp                                temp         000044
__Htext                                text         000000
__Htext0                               text0        000000
__Htext1                               text1        000000
__Htext10                              text10       000000
__Htext11                              text11       000000
__Htext12                              text12       000000
__Htext13                              text13       000000
__Htext14                              text14       000000
__Htext16                              text16       000000
__Htext17                              text17       000000
__Htext18                              text18       000000
__Htext19                              text19       000000
__Htext2                               text2        000000
__Htext20                              text20       000000
__Htext3                               text3        000000
__Htext4                               text4        000000
__Htext5                               text5        000000
__Htext6                               text6        000000
__Htext7                               text7        000000
__Htext8                               text8        000000
__Htext9                               text9        000000
__LRAM                                 (abs)        000001
__Labs1                                abs1         000000
__Lbank0                               bank0        000000
__Lbank1                               bank1        000000
__Lbank2                               bank2        000000
__Lbank3                               bank3        000000
__Lbank4                               bank4        000000
__Lbank5                               bank5        000000
__Lbank6                               bank6        000000
__Lbank7                               bank7        000000
__Lbigbss                              bigbss       000000
__Lbigdata                             bigdata      000000
__Lbigram                              bigram       000000
__Lbss                                 bss          000000
__LbssCOMRAM                           bssCOMRAM    000000
__Lcinit                               cinit        000000
__Lclrtext                             clrtext      000000
__Lcomram                              comram       000000
__Lconfig                              config       300000
__Lconst                               const        000000
__LcstackBANK0                         cstackBANK0  000000
__LcstackCOMRAM                        cstackCOMRAM 000000
__Ldata                                data         000000
__LdataBANK0                           dataBANK0    000000
__LdataCOMRAM                          dataCOMRAM   000000
__Leeprom_data                         eeprom_data  000000
__Lend_init                            end_init     001016
__Lfarbss                              farbss       000000
__Lfardata                             fardata      000000
__Libigdata                            ibigdata     000000
__Lidata                               idata        000000
__LidataBANK0                          idataBANK0   000000
__LidataCOMRAM                         idataCOMRAM  000000
__Lidloc                               idloc        200000
__Lifardata                            ifardata     000000
__Linit                                init         001016
__Lintcode                             intcode      001008
__Lintcode_body                        intcode_body 000000
__Lintcodelo                           intcodelo    001016
__Lintentry                            intentry     000000
__Lintret                              intret       000000
__Lintsave_regs                        intsave_regs 000000
__Lirdata                              irdata       000000
__Lmediumconst                         mediumconst  000000
__LnvFARRAM                            nvFARRAM     000000
__Lnvbit                               nvbit        000000
__Lnvrram                              nvrram       000000
__Lparam                               rparam       000000
__Lpowerup                             powerup      001016
__Lram                                 ram          000000
__Lramtop                              ramtop       000800
__Lrbit                                rbit         000000
__Lrbss                                rbss         000000
__Lrdata                               rdata        000000
__Lreset_vec                           reset_vec    001000
__Lrparam                              rparam       000000
__Lsfr                                 sfr          000000
__Lsmallconst                          smallconst   00101A
__Lspace_0                             (abs)        000000
__Lspace_1                             (abs)        000000
__Lspace_2                             (abs)        000000
__Lstack                               stack        000000
__Lstruct                              struct       000000
__Ltemp                                temp         000043
__Ltext                                text         000000
__Ltext0                               text0        000000
__Ltext1                               text1        000000
__Ltext10                              text10       000000
__Ltext11                              text11       000000
__Ltext12                              text12       000000
__Ltext13                              text13       000000
__Ltext14                              text14       000000
__Ltext16                              text16       000000
__Ltext17                              text17       000000
__Ltext18                              text18       000000
__Ltext19                              text19       000000
__Ltext2                               text2        000000
__Ltext20                              text20       000000
__Ltext3                               text3        000000
__Ltext4                               text4        000000
__Ltext5                               text5        000000
__Ltext6                               text6        000000
__Ltext7                               text7        000000
__Ltext8                               text8        000000
__Ltext9                               text9        000000
__S0                                   (abs)        30000E
__S1                                   (abs)        0000E5
__S2                                   (abs)        000000
___awdiv                               text20       001848
___awdiv@counter                       cstackCOMRAM 000005
___awdiv@dividend                      cstackCOMRAM 000001
___awdiv@divisor                       cstackCOMRAM 000003
___awdiv@quotient                      cstackCOMRAM 000007
___awdiv@sign                          cstackCOMRAM 000006
___inthi_sp                            stack        000000
___intlo_sp                            stack        000000
___param_bank                          (abs)        000010
___rparam_used                         (abs)        000001
___sp                                  stack        000000
__accesstop                            (abs)        000060
__activetblptr                         (abs)        000002
__end_of_ISR_Timer0_Int                intcode_body 0011AA
__end_of_SetupAlarmTimeA               text8        0015D4
__end_of_SetupAlarmTimeB               text7        0014DA
__end_of_SetupAlarmTimeC               text6        0013E0
__end_of_SetupTime                     text5        0012E6
__end_of_SetupTimerInterruptRegisters  text4        001CF0
__end_of_Startup                       text3        001B12
__end_of___awdiv                       text20       0018CC
__end_of__initialization               cinit        001B5E
__end_of_char_2_int                    text14       0019C6
__end_of_delay_ms                      text13       001C52
__end_of_getkey                        text12       001C90
__end_of_int_2_char                    text19       001A3C
__end_of_lcd_init                      text2        00194C
__end_of_lcd_strobe                    text11       001CB2
__end_of_lcd_write_cmd                 text10       001848
__end_of_lcd_write_data                text9        001730
__end_of_main                          text0        001684
__end_of_version                       text1        001C0E
__end_ofgetkey@F4270                   smallconst   00102D
__end_ofi2_lcd_strobe                  text18       001CD4
__end_ofi2_lcd_write_cmd               text17       001AAC
__end_ofi2_lcd_write_data              text16       0017C4
__initialization                       cinit        001B12
__mediumconst                          mediumconst  000000
__pbssCOMRAM                           bssCOMRAM    000034
__pcinit                               cinit        001B12
__pcstackBANK0                         cstackBANK0  0000B4
__pcstackCOMRAM                        cstackCOMRAM 000001
__pdataBANK0                           dataBANK0    000060
__pdataCOMRAM                          dataCOMRAM   00001E
__pidataBANK0                          idataBANK0   001B6C
__pidataCOMRAM                         idataCOMRAM  001CF0
__pintcode                             intcode      001008
__pintcode_body                        intcode_body 00102E
__psmallconst                          smallconst   00101A
__ptext0                               text0        0015D4
__ptext1                               text1        001BC0
__ptext10                              text10       0017C4
__ptext11                              text11       001C90
__ptext12                              text12       001C52
__ptext13                              text13       001C0E
__ptext14                              text14       00194C
__ptext16                              text16       001730
__ptext17                              text17       001A3C
__ptext18                              text18       001CB2
__ptext19                              text19       0019C6
__ptext2                               text2        0018CC
__ptext20                              text20       001848
__ptext3                               text3        001AAC
__ptext4                               text4        001CD4
__ptext5                               text5        0011AA
__ptext6                               text6        0012E6
__ptext7                               text7        0013E0
__ptext8                               text8        0014DA
__ptext9                               text9        001684
__ramtop                               ramtop       000800
__size_of_ISR_Timer0_Int               (abs)        000000
__size_of_SetupAlarmTimeA              (abs)        000000
__size_of_SetupAlarmTimeB              (abs)        000000
__size_of_SetupAlarmTimeC              (abs)        000000
__size_of_SetupTime                    (abs)        000000
__size_of_SetupTimerInterruptRegisters (abs)        000000
__size_of_Startup                      (abs)        000000
__size_of___awdiv                      (abs)        000000
__size_of_char_2_int                   (abs)        000000
__size_of_delay_ms                     (abs)        000000
__size_of_getkey                       (abs)        000000
__size_of_int_2_char                   (abs)        000000
__size_of_lcd_init                     (abs)        000000
__size_of_lcd_strobe                   (abs)        000000
__size_of_lcd_write_cmd                (abs)        000000
__size_of_lcd_write_data               (abs)        000000
__size_of_main                         (abs)        000000
__size_of_version                      (abs)        000000
__size_ofi2_lcd_strobe                 (abs)        000000
__size_ofi2_lcd_write_cmd              (abs)        000000
__size_ofi2_lcd_write_data             (abs)        000000
__smallconst                           smallconst   00101A
_char_2_int                            text14       00194C
_delay_ms                              text13       001C0E
_getkey                                text12       001C52
_hour                                  bssCOMRAM    00003A
_hourA                                 bssCOMRAM    00003B
_hourB                                 bssCOMRAM    00003C
_hourC                                 bssCOMRAM    00003D
_int_2_char                            text19       0019C6
_lcd_init                              text2        0018CC
_lcd_strobe                            text11       001C90
_lcd_write_cmd                         text10       0017C4
_lcd_write_data                        text9        001684
_main                                  text0        0015D4
_minute                                bssCOMRAM    00003E
_minuteA                               bssCOMRAM    00003F
_minuteB                               bssCOMRAM    000040
_minuteC                               bssCOMRAM    000041
_second                                bssCOMRAM    000042
_version                               text1        001BC0
btemp                                  temp         000043
char_2_int@char1                       cstackBANK0  0000B4
char_2_int@int1                        cstackBANK0  0000B5
delay_ms@i                             cstackBANK0  0000B4
delay_ms@j                             cstackBANK0  0000B6
end_of_initialization                  cinit        001B5E
getkey@F4270                           smallconst   00101B
getkey@keycode                         cstackBANK0  0000C6
getkey@lookup                          cstackBANK0  0000B4
i2_lcd_strobe                          text18       001CB2
i2_lcd_write_cmd                       text17       001A3C
i2_lcd_write_data                      text16       001730
i2lcd_write_cmd@cmd                    cstackCOMRAM 000003
i2lcd_write_cmd@temp2                  cstackCOMRAM 000004
i2lcd_write_data@data                  cstackCOMRAM 000003
i2lcd_write_data@temp1                 cstackCOMRAM 000004
int$flags                              temp         000043
int_2_char@char1                       cstackCOMRAM 000002
int_2_char@int1                        cstackCOMRAM 000001
int_func                               intcode_body 00102E
intlevel0                              text         000000
intlevel1                              text         000000
intlevel2                              text         000000
intlevel3                              text         000000
lcd_init@i                             cstackBANK0  0000B8
lcd_write_cmd@cmd                      cstackBANK0  0000B5
lcd_write_cmd@temp2                    cstackBANK0  0000B6
lcd_write_data@data                    cstackBANK0  0000B5
lcd_write_data@temp1                   cstackBANK0  0000B6
stackhi                                (abs)        0007FF
stacklo                                (abs)        0000E5
start                                  init         001016
start_initialization                   cinit        001B12
version@F4277                          dataCOMRAM   00001E
version@Version                        cstackBANK0  0000B7
version@msgindex                       cstackBANK0  0000CE
version@outchar                        cstackBANK0  0000CD


FUNCTION INFORMATION:

 *************** function _main *****************
 Defined at:
		line 327 in file "Main.c"
 Parameters:    Size  Location     Type
		None
 Auto vars:     Size  Location     Type
		None
 Return value:  Size  Location     Type
                  1    wreg      void 
 Registers used:
		wreg, fsr1l, fsr1h, fsr2l, fsr2h, status,2, status,0, tblptrl, tblptrh, tblptru, prodl, prodh, cstack
 Tracked objects:
		On entry : 
		On exit  : 
		Unchanged: 
 Data sizes:     COMRAM   BANK0   BANK1   BANK2   BANK3   BANK4   BANK5   BANK6   BANK7
      Params:         0       0       0       0       0       0       0       0       0
      Locals:         0       0       0       0       0       0       0       0       0
      Temps:          0       0       0       0       0       0       0       0       0
      Totals:         0       0       0       0       0       0       0       0       0
Total ram usage:        0 bytes
 Hardware stack levels required when called:    6
 This function calls:
		_SetupAlarmTimeA
		_SetupAlarmTimeB
		_SetupAlarmTimeC
		_SetupTime
		_SetupTimerInterruptRegisters
		_Startup
		_lcd_init
		_version
 This function is called by:
		Startup code after reset
 This function uses a non-reentrant model


 *************** function _version *****************
 Defined at:
		line 12 in file "version.c"
 Parameters:    Size  Location     Type
		None
 Auto vars:     Size  Location     Type
  Version        22    3[BANK0 ] unsigned char [22]
  msgindex        1   26[BANK0 ] unsigned char 
  outchar         1   25[BANK0 ] unsigned char 
 Return value:  Size  Location     Type
                  2   73[None  ] int 
 Registers used:
		wreg, fsr1l, fsr1h, fsr2l, fsr2h, status,2, status,0, prodl, prodh, cstack
 Tracked objects:
		On entry : 
		On exit  : 
		Unchanged: 
 Data sizes:     COMRAM   BANK0   BANK1   BANK2   BANK3   BANK4   BANK5   BANK6   BANK7
      Params:         0       0       0       0       0       0       0       0       0
      Locals:         0      24       0       0       0       0       0       0       0
      Temps:          0       0       0       0       0       0       0       0       0
      Totals:         0      24       0       0       0       0       0       0       0
Total ram usage:       24 bytes
 Hardware stack levels used:    1
 Hardware stack levels required when called:    5
 This function calls:
		_lcd_write_cmd
		_lcd_write_data
 This function is called by:
		_main
 This function uses a non-reentrant model


 *************** function _lcd_init *****************
 Defined at:
		line 83 in file "lcd_utilities.c"
 Parameters:    Size  Location     Type
		None
 Auto vars:     Size  Location     Type
  i               2    4[BANK0 ] int 
 Return value:  Size  Location     Type
                  1    wreg      void 
 Registers used:
		wreg, status,2, status,0, cstack
 Tracked objects:
		On entry : 
		On exit  : 
		Unchanged: 
 Data sizes:     COMRAM   BANK0   BANK1   BANK2   BANK3   BANK4   BANK5   BANK6   BANK7
      Params:         0       0       0       0       0       0       0       0       0
      Locals:         0       2       0       0       0       0       0       0       0
      Temps:          0       1       0       0       0       0       0       0       0
      Totals:         0       3       0       0       0       0       0       0       0
Total ram usage:        3 bytes
 Hardware stack levels used:    1
 Hardware stack levels required when called:    5
 This function calls:
		_lcd_write_cmd
 This function is called by:
		_main
 This function uses a non-reentrant model


 *************** function _Startup *****************
 Defined at:
		line 312 in file "Main.c"
 Parameters:    Size  Location     Type
		None
 Auto vars:     Size  Location     Type
		None
 Return value:  Size  Location     Type
                  1    wreg      void 
 Registers used:
		wreg, status,2, status,0, cstack
 Tracked objects:
		On entry : 
		On exit  : 
		Unchanged: 
 Data sizes:     COMRAM   BANK0   BANK1   BANK2   BANK3   BANK4   BANK5   BANK6   BANK7
      Params:         0       0       0       0       0       0       0       0       0
      Locals:         0       0       0       0       0       0       0       0       0
      Temps:          0       0       0       0       0       0       0       0       0
      Totals:         0       0       0       0       0       0       0       0       0
Total ram usage:        0 bytes
 Hardware stack levels used:    1
 Hardware stack levels required when called:    4
 This function calls:
		_delay_ms
 This function is called by:
		_main
 This function uses a non-reentrant model


 *************** function _SetupTimerInterruptRegisters *****************
 Defined at:
		line 276 in file "Main.c"
 Parameters:    Size  Location     Type
		None
 Auto vars:     Size  Location     Type
		None
 Return value:  Size  Location     Type
                  1    wreg      void 
 Registers used:
		wreg, status,2
 Tracked objects:
		On entry : 
		On exit  : 
		Unchanged: 
 Data sizes:     COMRAM   BANK0   BANK1   BANK2   BANK3   BANK4   BANK5   BANK6   BANK7
      Params:         0       0       0       0       0       0       0       0       0
      Locals:         0       0       0       0       0       0       0       0       0
      Temps:          0       0       0       0       0       0       0       0       0
      Totals:         0       0       0       0       0       0       0       0       0
Total ram usage:        0 bytes
 Hardware stack levels used:    1
 Hardware stack levels required when called:    3
 This function calls:
		Nothing
 This function is called by:
		_main
 This function uses a non-reentrant model


 *************** function _SetupTime *****************
 Defined at:
		line 108 in file "Main.c"
 Parameters:    Size  Location     Type
		None
 Auto vars:     Size  Location     Type
  Message        21   19[BANK0 ] unsigned char [21]
  ctemp           1   48[BANK0 ] unsigned char 
  msgindex        1   47[BANK0 ] unsigned char 
  second1         1   46[BANK0 ] unsigned char 
  second10        1   45[BANK0 ] unsigned char 
  minute1         1   44[BANK0 ] unsigned char 
  minute10        1   43[BANK0 ] unsigned char 
  hour1           1   42[BANK0 ] unsigned char 
  hour10          1   41[BANK0 ] unsigned char 
  outchar         1   40[BANK0 ] unsigned char 
 Return value:  Size  Location     Type
                  1    wreg      void 
 Registers used:
		wreg, fsr1l, fsr1h, fsr2l, fsr2h, status,2, status,0, tblptrl, tblptrh, tblptru, prodl, prodh, cstack
 Tracked objects:
		On entry : 
		On exit  : 
		Unchanged: 
 Data sizes:     COMRAM   BANK0   BANK1   BANK2   BANK3   BANK4   BANK5   BANK6   BANK7
      Params:         0       0       0       0       0       0       0       0       0
      Locals:         0      30       0       0       0       0       0       0       0
      Temps:          0       0       0       0       0       0       0       0       0
      Totals:         0      30       0       0       0       0       0       0       0
Total ram usage:       30 bytes
 Hardware stack levels used:    1
 Hardware stack levels required when called:    5
 This function calls:
		_char_2_int
		_delay_ms
		_getkey
		_lcd_write_cmd
		_lcd_write_data
 This function is called by:
		_main
 This function uses a non-reentrant model


 *************** function _SetupAlarmTimeC *****************
 Defined at:
		line 236 in file "Main.c"
 Parameters:    Size  Location     Type
		None
 Auto vars:     Size  Location     Type
  Message        21   19[BANK0 ] unsigned char [21]
  ctemp           1   46[BANK0 ] unsigned char 
  msgindex        1   45[BANK0 ] unsigned char 
  minute1         1   44[BANK0 ] unsigned char 
  minute10        1   43[BANK0 ] unsigned char 
  hour1           1   42[BANK0 ] unsigned char 
  hour10          1   41[BANK0 ] unsigned char 
  outchar         1   40[BANK0 ] unsigned char 
 Return value:  Size  Location     Type
                  1    wreg      void 
 Registers used:
		wreg, fsr1l, fsr1h, fsr2l, fsr2h, status,2, status,0, tblptrl, tblptrh, tblptru, prodl, prodh, cstack
 Tracked objects:
		On entry : 
		On exit  : 
		Unchanged: 
 Data sizes:     COMRAM   BANK0   BANK1   BANK2   BANK3   BANK4   BANK5   BANK6   BANK7
      Params:         0       0       0       0       0       0       0       0       0
      Locals:         0      28       0       0       0       0       0       0       0
      Temps:          0       0       0       0       0       0       0       0       0
      Totals:         0      28       0       0       0       0       0       0       0
Total ram usage:       28 bytes
 Hardware stack levels used:    1
 Hardware stack levels required when called:    5
 This function calls:
		_char_2_int
		_delay_ms
		_getkey
		_lcd_write_cmd
		_lcd_write_data
 This function is called by:
		_main
 This function uses a non-reentrant model


 *************** function _SetupAlarmTimeB *****************
 Defined at:
		line 196 in file "Main.c"
 Parameters:    Size  Location     Type
		None
 Auto vars:     Size  Location     Type
  Message        21   19[BANK0 ] unsigned char [21]
  ctemp           1   46[BANK0 ] unsigned char 
  msgindex        1   45[BANK0 ] unsigned char 
  minute1         1   44[BANK0 ] unsigned char 
  minute10        1   43[BANK0 ] unsigned char 
  hour1           1   42[BANK0 ] unsigned char 
  hour10          1   41[BANK0 ] unsigned char 
  outchar         1   40[BANK0 ] unsigned char 
 Return value:  Size  Location     Type
                  1    wreg      void 
 Registers used:
		wreg, fsr1l, fsr1h, fsr2l, fsr2h, status,2, status,0, tblptrl, tblptrh, tblptru, prodl, prodh, cstack
 Tracked objects:
		On entry : 
		On exit  : 
		Unchanged: 
 Data sizes:     COMRAM   BANK0   BANK1   BANK2   BANK3   BANK4   BANK5   BANK6   BANK7
      Params:         0       0       0       0       0       0       0       0       0
      Locals:         0      28       0       0       0       0       0       0       0
      Temps:          0       0       0       0       0       0       0       0       0
      Totals:         0      28       0       0       0       0       0       0       0
Total ram usage:       28 bytes
 Hardware stack levels used:    1
 Hardware stack levels required when called:    5
 This function calls:
		_char_2_int
		_delay_ms
		_getkey
		_lcd_write_cmd
		_lcd_write_data
 This function is called by:
		_main
 This function uses a non-reentrant model


 *************** function _SetupAlarmTimeA *****************
 Defined at:
		line 156 in file "Main.c"
 Parameters:    Size  Location     Type
		None
 Auto vars:     Size  Location     Type
  Message        21   19[BANK0 ] unsigned char [21]
  ctemp           1   46[BANK0 ] unsigned char 
  msgindex        1   45[BANK0 ] unsigned char 
  minute1         1   44[BANK0 ] unsigned char 
  minute10        1   43[BANK0 ] unsigned char 
  hour1           1   42[BANK0 ] unsigned char 
  hour10          1   41[BANK0 ] unsigned char 
  outchar         1   40[BANK0 ] unsigned char 
 Return value:  Size  Location     Type
                  1    wreg      void 
 Registers used:
		wreg, fsr1l, fsr1h, fsr2l, fsr2h, status,2, status,0, tblptrl, tblptrh, tblptru, prodl, prodh, cstack
 Tracked objects:
		On entry : 
		On exit  : 
		Unchanged: 
 Data sizes:     COMRAM   BANK0   BANK1   BANK2   BANK3   BANK4   BANK5   BANK6   BANK7
      Params:         0       0       0       0       0       0       0       0       0
      Locals:         0      28       0       0       0       0       0       0       0
      Temps:          0       0       0       0       0       0       0       0       0
      Totals:         0      28       0       0       0       0       0       0       0
Total ram usage:       28 bytes
 Hardware stack levels used:    1
 Hardware stack levels required when called:    5
 This function calls:
		_char_2_int
		_delay_ms
		_getkey
		_lcd_write_cmd
		_lcd_write_data
 This function is called by:
		_main
 This function uses a non-reentrant model


 *************** function _lcd_write_data *****************
 Defined at:
		line 43 in file "lcd_utilities.c"
 Parameters:    Size  Location     Type
  data            1    wreg     unsigned char 
 Auto vars:     Size  Location     Type
  data            1    1[BANK0 ] unsigned char 
  temp1           1    2[BANK0 ] unsigned char 
 Return value:  Size  Location     Type
                  1    wreg      void 
 Registers used:
		wreg, status,2, status,0, cstack
 Tracked objects:
		On entry : 
		On exit  : 
		Unchanged: 
 Data sizes:     COMRAM   BANK0   BANK1   BANK2   BANK3   BANK4   BANK5   BANK6   BANK7
      Params:         0       0       0       0       0       0       0       0       0
      Locals:         0       2       0       0       0       0       0       0       0
      Temps:          0       1       0       0       0       0       0       0       0
      Totals:         0       3       0       0       0       0       0       0       0
Total ram usage:        3 bytes
 Hardware stack levels used:    1
 Hardware stack levels required when called:    4
 This function calls:
		_lcd_strobe
 This function is called by:
		_SetupTime
		_SetupAlarmTimeA
		_SetupAlarmTimeB
		_SetupAlarmTimeC
		_version
 This function uses a non-reentrant model


 *************** function _lcd_write_cmd *****************
 Defined at:
		line 18 in file "lcd_utilities.c"
 Parameters:    Size  Location     Type
  cmd             1    wreg     unsigned char 
 Auto vars:     Size  Location     Type
  cmd             1    1[BANK0 ] unsigned char 
  temp2           1    2[BANK0 ] unsigned char 
 Return value:  Size  Location     Type
                  1    wreg      void 
 Registers used:
		wreg, status,2, status,0, cstack
 Tracked objects:
		On entry : 
		On exit  : 
		Unchanged: 
 Data sizes:     COMRAM   BANK0   BANK1   BANK2   BANK3   BANK4   BANK5   BANK6   BANK7
      Params:         0       0       0       0       0       0       0       0       0
      Locals:         0       2       0       0       0       0       0       0       0
      Temps:          0       1       0       0       0       0       0       0       0
      Totals:         0       3       0       0       0       0       0       0       0
Total ram usage:        3 bytes
 Hardware stack levels used:    1
 Hardware stack levels required when called:    4
 This function calls:
		_lcd_strobe
 This function is called by:
		_lcd_init
		_SetupTime
		_SetupAlarmTimeA
		_SetupAlarmTimeB
		_SetupAlarmTimeC
		_version
 This function uses a non-reentrant model


 *************** function _lcd_strobe *****************
 Defined at:
		line 73 in file "lcd_utilities.c"
 Parameters:    Size  Location     Type
		None
 Auto vars:     Size  Location     Type
		None
 Return value:  Size  Location     Type
                  1    wreg      void 
 Registers used:
		wreg
 Tracked objects:
		On entry : 
		On exit  : 
		Unchanged: 
 Data sizes:     COMRAM   BANK0   BANK1   BANK2   BANK3   BANK4   BANK5   BANK6   BANK7
      Params:         0       0       0       0       0       0       0       0       0
      Locals:         0       0       0       0       0       0       0       0       0
      Temps:          1       0       0       0       0       0       0       0       0
      Totals:         1       0       0       0       0       0       0       0       0
Total ram usage:        1 bytes
 Hardware stack levels used:    1
 Hardware stack levels required when called:    3
 This function calls:
		Nothing
 This function is called by:
		_lcd_write_cmd
		_lcd_write_data
 This function uses a non-reentrant model


 *************** function _getkey *****************
 Defined at:
		line 17 in file "keypad_utilities.c"
 Parameters:    Size  Location     Type
		None
 Auto vars:     Size  Location     Type
  lookup         18    0[BANK0 ] const unsigned char [18]
  keycode         1   18[BANK0 ] unsigned char 
 Return value:  Size  Location     Type
                  1    wreg      unsigned char 
 Registers used:
		wreg, fsr2l, fsr2h, status,2, status,0, tblptrl, tblptrh, tblptru, prodl, prodh
 Tracked objects:
		On entry : 
		On exit  : 
		Unchanged: 
 Data sizes:     COMRAM   BANK0   BANK1   BANK2   BANK3   BANK4   BANK5   BANK6   BANK7
      Params:         0       0       0       0       0       0       0       0       0
      Locals:         0      19       0       0       0       0       0       0       0
      Temps:          0       0       0       0       0       0       0       0       0
      Totals:         0      19       0       0       0       0       0       0       0
Total ram usage:       19 bytes
 Hardware stack levels used:    1
 Hardware stack levels required when called:    3
 This function calls:
		Nothing
 This function is called by:
		_SetupTime
		_SetupAlarmTimeA
		_SetupAlarmTimeB
		_SetupAlarmTimeC
 This function uses a non-reentrant model


 *************** function _delay_ms *****************
 Defined at:
		line 10 in file "delays_utilities.c"
 Parameters:    Size  Location     Type
  i               2    0[BANK0 ] unsigned int 
 Auto vars:     Size  Location     Type
  j               2    2[BANK0 ] unsigned int 
 Return value:  Size  Location     Type
                  1    wreg      void 
 Registers used:
		wreg, status,2, status,0
 Tracked objects:
		On entry : 
		On exit  : 
		Unchanged: 
 Data sizes:     COMRAM   BANK0   BANK1   BANK2   BANK3   BANK4   BANK5   BANK6   BANK7
      Params:         0       2       0       0       0       0       0       0       0
      Locals:         0       2       0       0       0       0       0       0       0
      Temps:          1       0       0       0       0       0       0       0       0
      Totals:         1       4       0       0       0       0       0       0       0
Total ram usage:        5 bytes
 Hardware stack levels used:    1
 Hardware stack levels required when called:    3
 This function calls:
		Nothing
 This function is called by:
		_SetupTime
		_SetupAlarmTimeA
		_SetupAlarmTimeB
		_SetupAlarmTimeC
		_Startup
 This function uses a non-reentrant model


 *************** function _char_2_int *****************
 Defined at:
		line 36 in file "Main.c"
 Parameters:    Size  Location     Type
  char1           1    wreg     unsigned char 
 Auto vars:     Size  Location     Type
  char1           1    0[BANK0 ] unsigned char 
  int1            1    1[BANK0 ] unsigned char 
 Return value:  Size  Location     Type
                  1    wreg      unsigned char 
 Registers used:
		wreg, status,2, status,0
 Tracked objects:
		On entry : 
		On exit  : 
		Unchanged: 
 Data sizes:     COMRAM   BANK0   BANK1   BANK2   BANK3   BANK4   BANK5   BANK6   BANK7
      Params:         0       0       0       0       0       0       0       0       0
      Locals:         0       2       0       0       0       0       0       0       0
      Temps:          0       0       0       0       0       0       0       0       0
      Totals:         0       2       0       0       0       0       0       0       0
Total ram usage:        2 bytes
 Hardware stack levels used:    1
 Hardware stack levels required when called:    3
 This function calls:
		Nothing
 This function is called by:
		_SetupTime
		_SetupAlarmTimeA
		_SetupAlarmTimeB
		_SetupAlarmTimeC
 This function uses a non-reentrant model


 *************** function _ISR_Timer0_Int *****************
 Defined at:
		line 56 in file "Main.c"
 Parameters:    Size  Location     Type
		None
 Auto vars:     Size  Location     Type
  second10        1   27[COMRAM] unsigned char 
  minute10        1   26[COMRAM] unsigned char 
  hour10          1   25[COMRAM] unsigned char 
  second1         1   24[COMRAM] unsigned char 
  minute1         1   23[COMRAM] unsigned char 
  hour1           1   22[COMRAM] unsigned char 
 Return value:  Size  Location     Type
                  1    wreg      void 
 Registers used:
		wreg, status,2, status,0, prodl, prodh, cstack
 Tracked objects:
		On entry : 
		On exit  : 
		Unchanged: 
 Data sizes:     COMRAM   BANK0   BANK1   BANK2   BANK3   BANK4   BANK5   BANK6   BANK7
      Params:         0       0       0       0       0       0       0       0       0
      Locals:         6       0       0       0       0       0       0       0       0
      Temps:         14       0       0       0       0       0       0       0       0
      Totals:        20       0       0       0       0       0       0       0       0
Total ram usage:       20 bytes
 Hardware stack levels used:    1
 Hardware stack levels required when called:    2
 This function calls:
		___awdiv
		_int_2_char
		i2_lcd_write_cmd
		i2_lcd_write_data
 This function is called by:
		Interrupt level 2
 This function uses a non-reentrant model


 *************** function i2_lcd_write_data *****************
 Defined at:
		line 43 in file "lcd_utilities.c"
 Parameters:    Size  Location     Type
  data            1    wreg     unsigned char 
 Auto vars:     Size  Location     Type
  data            1    2[COMRAM] unsigned char 
  lcd_write_da    1    3[COMRAM] unsigned char 
 Return value:  Size  Location     Type
                  1    wreg      void 
 Registers used:
		wreg, status,2, status,0, cstack
 Tracked objects:
		On entry : 
		On exit  : 
		Unchanged: 
 Data sizes:     COMRAM   BANK0   BANK1   BANK2   BANK3   BANK4   BANK5   BANK6   BANK7
      Params:         0       0       0       0       0       0       0       0       0
      Locals:         2       0       0       0       0       0       0       0       0
      Temps:          1       0       0       0       0       0       0       0       0
      Totals:         3       0       0       0       0       0       0       0       0
Total ram usage:        3 bytes
 Hardware stack levels used:    1
 Hardware stack levels required when called:    1
 This function calls:
		i2_lcd_strobe
 This function is called by:
		_ISR_Timer0_Int
 This function uses a non-reentrant model


 *************** function i2_lcd_write_cmd *****************
 Defined at:
		line 18 in file "lcd_utilities.c"
 Parameters:    Size  Location     Type
  cmd             1    wreg     unsigned char 
 Auto vars:     Size  Location     Type
  cmd             1    2[COMRAM] unsigned char 
  lcd_write_cm    1    3[COMRAM] unsigned char 
 Return value:  Size  Location     Type
                  1    wreg      void 
 Registers used:
		wreg, status,2, status,0, cstack
 Tracked objects:
		On entry : 
		On exit  : 
		Unchanged: 
 Data sizes:     COMRAM   BANK0   BANK1   BANK2   BANK3   BANK4   BANK5   BANK6   BANK7
      Params:         0       0       0       0       0       0       0       0       0
      Locals:         2       0       0       0       0       0       0       0       0
      Temps:          1       0       0       0       0       0       0       0       0
      Totals:         3       0       0       0       0       0       0       0       0
Total ram usage:        3 bytes
 Hardware stack levels used:    1
 Hardware stack levels required when called:    1
 This function calls:
		i2_lcd_strobe
 This function is called by:
		_ISR_Timer0_Int
 This function uses a non-reentrant model


 *************** function i2_lcd_strobe *****************
 Defined at:
		line 73 in file "lcd_utilities.c"
 Parameters:    Size  Location     Type
		None
 Auto vars:     Size  Location     Type
		None
 Return value:  Size  Location     Type
                  1    wreg      void 
 Registers used:
		wreg
 Tracked objects:
		On entry : 
		On exit  : 
		Unchanged: 
 Data sizes:     COMRAM   BANK0   BANK1   BANK2   BANK3   BANK4   BANK5   BANK6   BANK7
      Params:         0       0       0       0       0       0       0       0       0
      Locals:         0       0       0       0       0       0       0       0       0
      Temps:          1       0       0       0       0       0       0       0       0
      Totals:         1       0       0       0       0       0       0       0       0
Total ram usage:        1 bytes
 Hardware stack levels used:    1
 This function calls:
		Nothing
 This function is called by:
		i2_lcd_write_cmd
		i2_lcd_write_data
 This function uses a non-reentrant model


 *************** function _int_2_char *****************
 Defined at:
		line 16 in file "Main.c"
 Parameters:    Size  Location     Type
  int1            1    wreg     unsigned char 
 Auto vars:     Size  Location     Type
  int1            1    0[COMRAM] unsigned char 
  char1           1    1[COMRAM] unsigned char 
 Return value:  Size  Location     Type
                  1    wreg      unsigned char 
 Registers used:
		wreg, status,2, status,0
 Tracked objects:
		On entry : 
		On exit  : 
		Unchanged: 
 Data sizes:     COMRAM   BANK0   BANK1   BANK2   BANK3   BANK4   BANK5   BANK6   BANK7
      Params:         0       0       0       0       0       0       0       0       0
      Locals:         2       0       0       0       0       0       0       0       0
      Temps:          0       0       0       0       0       0       0       0       0
      Totals:         2       0       0       0       0       0       0       0       0
Total ram usage:        2 bytes
 Hardware stack levels used:    1
 This function calls:
		Nothing
 This function is called by:
		_ISR_Timer0_Int
 This function uses a non-reentrant model


 *************** function ___awdiv *****************
 Defined at:
		line 8 in file "/opt/microchip/xc8/v1.38/sources/common/awdiv.c"
 Parameters:    Size  Location     Type
  dividend        2    0[COMRAM] int 
  divisor         2    2[COMRAM] int 
 Auto vars:     Size  Location     Type
  quotient        2    6[COMRAM] int 
  sign            1    5[COMRAM] unsigned char 
  counter         1    4[COMRAM] unsigned char 
 Return value:  Size  Location     Type
                  2    0[COMRAM] int 
 Registers used:
		wreg, status,2, status,0
 Tracked objects:
		On entry : 
		On exit  : 
		Unchanged: 
 Data sizes:     COMRAM   BANK0   BANK1   BANK2   BANK3   BANK4   BANK5   BANK6   BANK7
      Params:         4       0       0       0       0       0       0       0       0
      Locals:         4       0       0       0       0       0       0       0       0
      Temps:          0       0       0       0       0       0       0       0       0
      Totals:         8       0       0       0       0       0       0       0       0
Total ram usage:        8 bytes
 Hardware stack levels used:    1
 This function calls:
		Nothing
 This function is called by:
		_ISR_Timer0_Int
 This function uses a non-reentrant model



MODULE INFORMATION

Module		Function		Class		Link	Load	Size
lcd_utilities.c
		_lcd_write_data		CODE           	1684	0000	173
		_lcd_write_cmd 		CODE           	17C4	0000	133
		_lcd_strobe    		CODE           	1C90	0000	35
		_lcd_init      		CODE           	18CC	0000	129

lcd_utilities.c estimated size: 470

keypad_utilities.c
		_getkey        		CODE           	1C52	0000	63

keypad_utilities.c estimated size: 63

/opt/microchip/xc8/v1.38/sources/common/awdiv.c
		___awdiv       		CODE           	1848	0000	133

/opt/microchip/xc8/v1.38/sources/common/awdiv.c estimated size: 133

Main.c
		_int_2_char    		CODE           	19C6	0000	119
		_ISR_Timer0_Int		CODE           	1008	0000	395
		_char_2_int    		CODE           	194C	0000	123
		_main          		CODE           	15D4	0000	177
		_SetupAlarmTimeA		CODE           	14DA	0000	251
		_SetupAlarmTimeB		CODE           	13E0	0000	251
		_SetupAlarmTimeC		CODE           	12E6	0000	251
		_SetupTime     		CODE           	11AA	0000	317
		_SetupTimerInterruptRegisters		CODE           	1CD4	0000	29
		_Startup       		CODE           	1AAC	0000	103

Main.c estimated size: 2016

shared
		i2_lcd_write_cmd		CODE           	1A3C	0000	113
		__initialization		CODE           	1B12	0000	77
		i2_lcd_write_data		CODE           	1730	0000	149
		i2_lcd_strobe  		CODE           	1CB2	0000	35
		getkey@F4270   		SMALLCONST     	101B	0000	19

shared estimated size: 393

delays_utilities.c
		_delay_ms      		CODE           	1C0E	0000	69

delays_utilities.c estimated size: 69

version.c
		_version       		CODE           	1BC0	0000	79

version.c estimated size: 79

