Microchip MPLAB XC8 Compiler V1.35 ()

Linker command line:

-W-3 --edf=C:\Program Files (x86)\Microchip\xc8\v1.35\dat\en_msgs.txt -cs \
  -h+dist/default/production\mapp-electronic-timetable.production.sym \
  --cmf=dist/default/production\mapp-electronic-timetable.production.cmf -z \
  -Q18F4550 -oC:\Users\Minin0la\AppData\Local\Temp\sa18.2 \
  -Mdist/default/production/mapp-electronic-timetable.production.map -E1 \
  -ver=XC8 -ASTACK=0A8h-07ffh -pstack=STACK -ACODE=01000h-07FFFh \
  -ACONST=01000h-07FFFh -ASMALLCONST=01000h-010FFhx112 \
  -AMEDIUMCONST=01000h-07FFFh -ACOMRAM=01h-05Fh -AABS1=00h-07FFh \
  -ABIGRAM=01h-07FFh -ARAM=060h-0FFh,0100h-01FFhx7 -ABANK0=060h-0FFh \
  -ABANK1=0100h-01FFh -ABANK2=0200h-02FFh -ABANK3=0300h-03FFh \
  -ABANK4=0400h-04FFh -ABANK5=0500h-05FFh -ABANK6=0600h-06FFh \
  -ABANK7=0700h-07FFh -ASFR=0F60h-0FFFh \
  -preset_vec=01000h,intcode=01008h,intcodelo,powerup,init,end_init \
  -pramtop=0800h -psmallconst=SMALLCONST -pmediumconst=MEDIUMCONST \
  -pconst=CONST -AFARRAM=00h-00h -ACONFIG=0300000h-030000Dh -pconfig=CONFIG \
  -AIDLOC=0200000h-0200007h -pidloc=IDLOC -AEEDATA=0F00000h-0F000FFh \
  -peeprom_data=EEDATA \
  -prdata=COMRAM,nvrram=COMRAM,nvbit=COMRAM,rbss=COMRAM,rbit=COMRAM \
  -pfarbss=FARRAM,fardata=FARRAM,nvFARRAM=FARRAM \
  -pintsave_regs=BIGRAM,bigbss=BIGRAM,bigdata=BIGRAM -pbss=RAM \
  -pidata=CODE,irdata=CODE,ibigdata=CODE,ifardata=CODE -prparam=COMRAM \
  C:\Users\Minin0la\AppData\Local\Temp\sa18.obj \
  dist/default/production\mapp-electronic-timetable.production.obj 

Object code version is 3.11

Machine type is 18F4550

Call graph: (short form)




                Name                               Link     Load   Length Selector   Space Scale
C:\Users\Minin0la\AppData\Local\Temp\sa18.obj
                end_init                           1016     1016        4      804       0
                reset_vec                          1000     1000        4      800       0
                idloc                            200000   200000        8   200000       0
                config                           300000   300000        E   300000       0
dist/default/production\mapp-electronic-timetable.production.obj
                intcode                            1008     1008        E      804       0
                temp                                 36       36        1        1       1
                smallconst                         101A     101A       14      80D       0
                text18                             1500     1500       84      817       0
                text17                             1584     1584       76      817       0
                text16                             1900     1900       22      817       0
                text15                             174E     174E       70      817       0
                text14                             146C     146C       94      817       0
                intcode_body                       102E     102E      17C      817       0
                text12                             166C     166C       72      817       0
                text11                             1880     1880       34      817       0
                text10                             180E     180E       3A      817       0
                text9                              18DE     18DE       22      817       0
                text8                              16DE     16DE       70      817       0
                text7                              13D8     13D8       94      817       0
                text6                              12E4     12E4       F4      817       0
                text5                              11AA     11AA      13A      817       0
                text4                              1922     1922       1C      817       0
                text3                              1944     1944        6      817       0
                text2                              193E     193E        6      817       0
                text1                              15FA     15FA       72      817       0
                text0                              17BE     17BE       50      817       0
                cstackCOMRAM                          1        1       30        1       1
                cstackBANK0                          8A       8A       1E       60       1
                dataBANK0                            60       60       2A       60       1
                bssCOMRAM                            31       31        5        1       1
                cinit                              1848     1848       38      817       0
                idataBANK0                         18B4     18B4       2A      817       0

TOTAL           Name                               Link     Load   Length     Space
        CLASS   STACK          

        CLASS   CODE           
                end_init                           1016     1016        4         0
                intcode                            1008     1008        E         0
                reset_vec                          1000     1000        4         0
                text18                             1500     1500       84         0
                text17                             1584     1584       76         0
                text16                             1900     1900       22         0
                text15                             174E     174E       70         0
                text14                             146C     146C       94         0
                intcode_body                       102E     102E      17C         0
                text12                             166C     166C       72         0
                text11                             1880     1880       34         0
                text10                             180E     180E       3A         0
                text9                              18DE     18DE       22         0
                text8                              16DE     16DE       70         0
                text7                              13D8     13D8       94         0
                text6                              12E4     12E4       F4         0
                text5                              11AA     11AA      13A         0
                text4                              1922     1922       1C         0
                text3                              1944     1944        6         0
                text2                              193E     193E        6         0
                text1                              15FA     15FA       72         0
                text0                              17BE     17BE       50         0
                cinit                              1848     1848       38         0
                idataBANK0                         18B4     18B4       2A         0

        CLASS   CONST          

        CLASS   SMALLCONST     
                smallconst                         101A     101A       14         0

        CLASS   MEDIUMCONST    

        CLASS   COMRAM         
                temp                                 36       36        1         1
                cstackCOMRAM                          1        1       30         1
                bssCOMRAM                            31       31        5         1

        CLASS   ABS1           

        CLASS   BIGRAM         

        CLASS   RAM            

        CLASS   BANK0          
                cstackBANK0                          8A       8A       1E         1
                dataBANK0                            60       60       2A         1

        CLASS   BANK1          

        CLASS   BANK2          

        CLASS   BANK3          

        CLASS   BANK4          

        CLASS   BANK5          

        CLASS   BANK6          

        CLASS   BANK7          

        CLASS   SFR            

        CLASS   FARRAM         

        CLASS   CONFIG         
                config                           300000   300000        E         0

        CLASS   IDLOC          
                idloc                            200000   200000        8         0

        CLASS   EEDATA         



SEGMENTS        Name                           Load    Length   Top    Selector   Space  Class

                cstackCOMRAM                   000001  000036  000037         1       1  COMRAM  
                dataBANK0                      000060  000048  0000A8        60       1  BANK0   
                reset_vec                      001000  000004  001004       800       0  CODE    
                intcode                        001008  000012  00101A       804       0  CODE    
                smallconst                     00101A  000014  00102E       80D       0  SMALLCON
                intcode_body                   00102E  00091C  00194A       817       0  CODE    
                idloc                          200000  000008  200008    200000       0  IDLOC   
                config                         300000  00000E  30000E    300000       0  CONFIG  


UNUSED ADDRESS RANGES

        Name                Unused          Largest block    Delta
        BANK0            0000A8-0000FF               58
        BANK1            000100-0001FF              100
        BANK2            000200-0002FF              100
        BANK3            000300-0003FF              100
        BANK4            000400-0004FF              100
        BANK5            000500-0005FF              100
        BANK6            000600-0006FF              100
        BANK7            000700-0007FF              100
        BIGRAM           000037-00005F               29
                         0000A8-0007FF              758
        CODE             001004-001007                4
                         00194A-007FFF             66B6
        COMRAM           000037-00005F               29
        CONST            001004-001007                4
                         00194A-007FFF             66B6
        EEDATA           F00000-F000FF              100
        FARRAM           000000-000000                1
        MEDIUMCONST      001004-001007                4
                         00194A-007FFF             66B6
        RAM              0000A8-0007FF              100
        SFR              000F60-000FFF               A0
        SMALLCONST       001004-001007                4
                         00194A-007FFF              100
        STACK            0000A8-0007FF              758

                                  Symbol Table

?___awdiv                              cstackCOMRAM 000001
ISR_Timer0_Int@hour1                   cstackCOMRAM 000017
ISR_Timer0_Int@hour10                  cstackCOMRAM 00001A
ISR_Timer0_Int@minute1                 cstackCOMRAM 000018
ISR_Timer0_Int@minute10                cstackCOMRAM 00001B
ISR_Timer0_Int@second1                 cstackCOMRAM 000019
ISR_Timer0_Int@second10                cstackCOMRAM 00001C
SetupAlarmTime@F4492                   dataBANK0    000060
SetupAlarmTime@Message                 cstackBANK0  00008A
SetupAlarmTime@ctemp                   cstackBANK0  0000A5
SetupAlarmTime@hour1                   cstackBANK0  0000A1
SetupAlarmTime@hour10                  cstackBANK0  0000A0
SetupAlarmTime@minute1                 cstackBANK0  0000A3
SetupAlarmTime@minute10                cstackBANK0  0000A2
SetupAlarmTime@msgindex                cstackBANK0  0000A4
SetupAlarmTime@outchar                 cstackBANK0  00009F
SetupTime@F4482                        dataBANK0    000075
SetupTime@Message                      cstackBANK0  00008A
SetupTime@ctemp                        cstackBANK0  0000A7
SetupTime@hour1                        cstackBANK0  0000A1
SetupTime@hour10                       cstackBANK0  0000A0
SetupTime@minute1                      cstackBANK0  0000A3
SetupTime@minute10                     cstackBANK0  0000A2
SetupTime@msgindex                     cstackBANK0  0000A6
SetupTime@outchar                      cstackBANK0  00009F
SetupTime@second1                      cstackBANK0  0000A5
SetupTime@second10                     cstackBANK0  0000A4
_ADCON1                                (abs)        000FC1
_CMCON                                 (abs)        000FB4
_INTCON2                               (abs)        000FF1
_INTCONbits                            (abs)        000FF2
_ISR_Timer0_Int                        intcode      001008
_PORTB                                 (abs)        000F81
_PORTBbits                             (abs)        000F81
_PORTCbits                             (abs)        000F82
_PORTD                                 (abs)        000F83
_PORTDbits                             (abs)        000F83
_RCONbits                              (abs)        000FD0
_SetupAlarmTime                        text6        0012E4
_SetupTime                             text5        0011AA
_SetupTimerInterruptRegisters          text4        001922
_T0CON                                 (abs)        000FD5
_T0CONbits                             (abs)        000FD5
_TMR0H                                 (abs)        000FD7
_TMR0L                                 (abs)        000FD6
_TRISC                                 (abs)        000F94
_TRISD                                 (abs)        000F95
__HRAM                                 (abs)        000000
__Habs1                                abs1         000000
__Hbank0                               bank0        000000
__Hbank1                               bank1        000000
__Hbank2                               bank2        000000
__Hbank3                               bank3        000000
__Hbank4                               bank4        000000
__Hbank5                               bank5        000000
__Hbank6                               bank6        000000
__Hbank7                               bank7        000000
__Hbigbss                              bigbss       000000
__Hbigdata                             bigdata      000000
__Hbigram                              bigram       000000
__Hbss                                 bss          000000
__HbssCOMRAM                           bssCOMRAM    000000
__Hcinit                               cinit        000000
__Hclrtext                             clrtext      000000
__Hcomram                              comram       000000
__Hconfig                              config       30000E
__Hconst                               const        000000
__HcstackBANK0                         cstackBANK0  000000
__HcstackCOMRAM                        cstackCOMRAM 000000
__Hdata                                data         000000
__HdataBANK0                           dataBANK0    000000
__Heeprom_data                         eeprom_data  000000
__Hend_init                            end_init     00101A
__Hfarbss                              farbss       000000
__Hfardata                             fardata      000000
__Hibigdata                            ibigdata     000000
__Hidata                               idata        000000
__HidataBANK0                          idataBANK0   000000
__Hidloc                               idloc        200008
__Hifardata                            ifardata     000000
__Hinit                                init         001016
__Hintcode                             intcode      001016
__Hintcode_body                        intcode_body 000000
__Hintcodelo                           intcodelo    001016
__Hintentry                            intentry     000000
__Hintret                              intret       000000
__Hintsave_regs                        intsave_regs 000000
__Hirdata                              irdata       000000
__Hmediumconst                         mediumconst  000000
__HnvFARRAM                            nvFARRAM     000000
__Hnvbit                               nvbit        000000
__Hnvrram                              nvrram       000000
__Hparam                               rparam       000000
__Hpowerup                             powerup      001016
__Hram                                 ram          000000
__Hramtop                              ramtop       000800
__Hrbit                                rbit         000000
__Hrbss                                rbss         000000
__Hrdata                               rdata        000000
__Hreset_vec                           reset_vec    001004
__Hrparam                              rparam       000000
__Hsfr                                 sfr          000000
__Hsmallconst                          smallconst   00102E
__Hspace_0                             (abs)        30000E
__Hspace_1                             (abs)        0000A8
__Hspace_2                             (abs)        000000
__Hstack                               stack        000000
__Hstruct                              struct       000000
__Htemp                                temp         000037
__Htext                                text         000000
__Htext0                               text0        000000
__Htext1                               text1        000000
__Htext10                              text10       000000
__Htext11                              text11       000000
__Htext12                              text12       000000
__Htext14                              text14       000000
__Htext15                              text15       000000
__Htext16                              text16       000000
__Htext17                              text17       000000
__Htext18                              text18       000000
__Htext2                               text2        000000
__Htext3                               text3        000000
__Htext4                               text4        000000
__Htext5                               text5        000000
__Htext6                               text6        000000
__Htext7                               text7        000000
__Htext8                               text8        000000
__Htext9                               text9        000000
__LRAM                                 (abs)        000001
__Labs1                                abs1         000000
__Lbank0                               bank0        000000
__Lbank1                               bank1        000000
__Lbank2                               bank2        000000
__Lbank3                               bank3        000000
__Lbank4                               bank4        000000
__Lbank5                               bank5        000000
__Lbank6                               bank6        000000
__Lbank7                               bank7        000000
__Lbigbss                              bigbss       000000
__Lbigdata                             bigdata      000000
__Lbigram                              bigram       000000
__Lbss                                 bss          000000
__LbssCOMRAM                           bssCOMRAM    000000
__Lcinit                               cinit        000000
__Lclrtext                             clrtext      000000
__Lcomram                              comram       000000
__Lconfig                              config       300000
__Lconst                               const        000000
__LcstackBANK0                         cstackBANK0  000000
__LcstackCOMRAM                        cstackCOMRAM 000000
__Ldata                                data         000000
__LdataBANK0                           dataBANK0    000000
__Leeprom_data                         eeprom_data  000000
__Lend_init                            end_init     001016
__Lfarbss                              farbss       000000
__Lfardata                             fardata      000000
__Libigdata                            ibigdata     000000
__Lidata                               idata        000000
__LidataBANK0                          idataBANK0   000000
__Lidloc                               idloc        200000
__Lifardata                            ifardata     000000
__Linit                                init         001016
__Lintcode                             intcode      001008
__Lintcode_body                        intcode_body 000000
__Lintcodelo                           intcodelo    001016
__Lintentry                            intentry     000000
__Lintret                              intret       000000
__Lintsave_regs                        intsave_regs 000000
__Lirdata                              irdata       000000
__Lmediumconst                         mediumconst  000000
__LnvFARRAM                            nvFARRAM     000000
__Lnvbit                               nvbit        000000
__Lnvrram                              nvrram       000000
__Lparam                               rparam       000000
__Lpowerup                             powerup      001016
__Lram                                 ram          000000
__Lramtop                              ramtop       000800
__Lrbit                                rbit         000000
__Lrbss                                rbss         000000
__Lrdata                               rdata        000000
__Lreset_vec                           reset_vec    001000
__Lrparam                              rparam       000000
__Lsfr                                 sfr          000000
__Lsmallconst                          smallconst   00101A
__Lspace_0                             (abs)        000000
__Lspace_1                             (abs)        000000
__Lspace_2                             (abs)        000000
__Lstack                               stack        000000
__Lstruct                              struct       000000
__Ltemp                                temp         000036
__Ltext                                text         000000
__Ltext0                               text0        000000
__Ltext1                               text1        000000
__Ltext10                              text10       000000
__Ltext11                              text11       000000
__Ltext12                              text12       000000
__Ltext14                              text14       000000
__Ltext15                              text15       000000
__Ltext16                              text16       000000
__Ltext17                              text17       000000
__Ltext18                              text18       000000
__Ltext2                               text2        000000
__Ltext3                               text3        000000
__Ltext4                               text4        000000
__Ltext5                               text5        000000
__Ltext6                               text6        000000
__Ltext7                               text7        000000
__Ltext8                               text8        000000
__Ltext9                               text9        000000
__S0                                   (abs)        30000E
__S1                                   (abs)        0000A8
__S2                                   (abs)        000000
___awdiv                               text18       001500
___awdiv@counter                       cstackCOMRAM 000005
___awdiv@dividend                      cstackCOMRAM 000001
___awdiv@divisor                       cstackCOMRAM 000003
___awdiv@quotient                      cstackCOMRAM 000007
___awdiv@sign                          cstackCOMRAM 000006
___inthi_sp                            stack        000000
___intlo_sp                            stack        000000
___param_bank                          (abs)        000010
___rparam_used                         (abs)        000001
___sp                                  stack        000000
__accesstop                            (abs)        000060
__activetblptr                         (abs)        000002
__end_of_ISR_Timer0_Int                intcode_body 0011AA
__end_of_SetupAlarmTime                text6        0013D8
__end_of_SetupTime                     text5        0012E4
__end_of_SetupTimerInterruptRegisters  text4        00193E
__end_of___awdiv                       text18       001584
__end_of__initialization               cinit        001872
__end_of_char_2_int                    text12       0016DE
__end_of_delay_ms                      text11       0018B4
__end_of_displayAlarmOff               text3        00194A
__end_of_displayAlarmOn                text2        001944
__end_of_getkey                        text10       001848
__end_of_int_2_char                    text17       0015FA
__end_of_lcd_init                      text1        00166C
__end_of_lcd_strobe                    text9        001900
__end_of_lcd_write_cmd                 text8        00174E
__end_of_lcd_write_data                text7        00146C
__end_of_main                          text0        00180E
__end_ofgetkey@F4444                   smallconst   00102D
__end_ofi2_lcd_strobe                  text16       001922
__end_ofi2_lcd_write_cmd               text15       0017BE
__end_ofi2_lcd_write_data              text14       001500
__initialization                       cinit        001848
__mediumconst                          mediumconst  000000
__pbssCOMRAM                           bssCOMRAM    000031
__pcinit                               cinit        001848
__pcstackBANK0                         cstackBANK0  00008A
__pcstackCOMRAM                        cstackCOMRAM 000001
__pdataBANK0                           dataBANK0    000060
__pidataBANK0                          idataBANK0   0018B4
__pintcode                             intcode      001008
__pintcode_body                        intcode_body 00102E
__psmallconst                          smallconst   00101A
__ptext0                               text0        0017BE
__ptext1                               text1        0015FA
__ptext10                              text10       00180E
__ptext11                              text11       001880
__ptext12                              text12       00166C
__ptext14                              text14       00146C
__ptext15                              text15       00174E
__ptext16                              text16       001900
__ptext17                              text17       001584
__ptext18                              text18       001500
__ptext2                               text2        00193E
__ptext3                               text3        001944
__ptext4                               text4        001922
__ptext5                               text5        0011AA
__ptext6                               text6        0012E4
__ptext7                               text7        0013D8
__ptext8                               text8        0016DE
__ptext9                               text9        0018DE
__ramtop                               ramtop       000800
__size_of_ISR_Timer0_Int               (abs)        000000
__size_of_SetupAlarmTime               (abs)        000000
__size_of_SetupTime                    (abs)        000000
__size_of_SetupTimerInterruptRegisters (abs)        000000
__size_of___awdiv                      (abs)        000000
__size_of_char_2_int                   (abs)        000000
__size_of_delay_ms                     (abs)        000000
__size_of_displayAlarmOff              (abs)        000000
__size_of_displayAlarmOn               (abs)        000000
__size_of_getkey                       (abs)        000000
__size_of_int_2_char                   (abs)        000000
__size_of_lcd_init                     (abs)        000000
__size_of_lcd_strobe                   (abs)        000000
__size_of_lcd_write_cmd                (abs)        000000
__size_of_lcd_write_data               (abs)        000000
__size_of_main                         (abs)        000000
__size_ofi2_lcd_strobe                 (abs)        000000
__size_ofi2_lcd_write_cmd              (abs)        000000
__size_ofi2_lcd_write_data             (abs)        000000
__smallconst                           smallconst   00101A
_char_2_int                            text12       00166C
_delay_ms                              text11       001880
_displayAlarmOff                       text3        001944
_displayAlarmOn                        text2        00193E
_getkey                                text10       00180E
_hour                                  bssCOMRAM    000031
_hourA                                 bssCOMRAM    000032
_int_2_char                            text17       001584
_lcd_init                              text1        0015FA
_lcd_strobe                            text9        0018DE
_lcd_write_cmd                         text8        0016DE
_lcd_write_data                        text7        0013D8
_main                                  text0        0017BE
_minute                                bssCOMRAM    000033
_minuteA                               bssCOMRAM    000034
_second                                bssCOMRAM    000035
btemp                                  temp         000036
char_2_int@char1                       cstackCOMRAM 00001D
char_2_int@int1                        cstackCOMRAM 00001E
delay_ms@i                             cstackCOMRAM 00001D
delay_ms@j                             cstackCOMRAM 000020
end_of_initialization                  cinit        001872
getkey@F4444                           smallconst   00101B
getkey@keycode                         cstackCOMRAM 00002F
getkey@lookup                          cstackCOMRAM 00001D
i2_lcd_strobe                          text16       001900
i2_lcd_write_cmd                       text15       00174E
i2_lcd_write_data                      text14       00146C
i2lcd_write_cmd@cmd                    cstackCOMRAM 000003
i2lcd_write_cmd@temp2                  cstackCOMRAM 000004
i2lcd_write_data@data                  cstackCOMRAM 000003
i2lcd_write_data@temp1                 cstackCOMRAM 000004
int$flags                              temp         000036
int_2_char@char1                       cstackCOMRAM 000002
int_2_char@int1                        cstackCOMRAM 000001
int_func                               intcode_body 00102E
intlevel0                              text         000000
intlevel1                              text         000000
intlevel2                              text         000000
intlevel3                              text         000000
lcd_init@i                             cstackCOMRAM 000022
lcd_write_cmd@cmd                      cstackCOMRAM 00001F
lcd_write_cmd@temp2                    cstackCOMRAM 000020
lcd_write_data@data                    cstackCOMRAM 00001F
lcd_write_data@temp1                   cstackCOMRAM 000020
main@displayUpdated                    cstackCOMRAM 000030
stackhi                                (abs)        0007FF
stacklo                                (abs)        0000A8
start                                  init         001016
start_initialization                   cinit        001848


FUNCTION INFORMATION:

 *************** function _main *****************
 Defined at:
		line 244 in file "Main.c"
 Parameters:    Size  Location     Type
		None
 Auto vars:     Size  Location     Type
  displayUpdat    1   47[COMRAM] unsigned char 
 Return value:  Size  Location     Type
		None               void
 Registers used:
		wreg, fsr1l, fsr1h, fsr2l, fsr2h, status,2, status,0, tblptrl, tblptrh, tblptru, prodl, prodh, cstack
 Tracked objects:
		On entry : 
		On exit  : 
		Unchanged: 
 Data sizes:     COMRAM   BANK0   BANK1   BANK2   BANK3   BANK4   BANK5   BANK6   BANK7
      Params:         0       0       0       0       0       0       0       0       0
      Locals:         1       0       0       0       0       0       0       0       0
      Temps:          0       0       0       0       0       0       0       0       0
      Totals:         1       0       0       0       0       0       0       0       0
Total ram usage:        1 bytes
 Hardware stack levels required when called:    6
 This function calls:
		_SetupAlarmTime
		_SetupTime
		_SetupTimerInterruptRegisters
		_displayAlarmOff
		_displayAlarmOn
		_lcd_init
 This function is called by:
		Startup code after reset
 This function uses a non-reentrant model


 *************** function _lcd_init *****************
 Defined at:
		line 83 in file "lcd_utilities.c"
 Parameters:    Size  Location     Type
		None
 Auto vars:     Size  Location     Type
  i               2   33[COMRAM] int 
 Return value:  Size  Location     Type
		None               void
 Registers used:
		wreg, status,2, status,0, cstack
 Tracked objects:
		On entry : 
		On exit  : 
		Unchanged: 
 Data sizes:     COMRAM   BANK0   BANK1   BANK2   BANK3   BANK4   BANK5   BANK6   BANK7
      Params:         0       0       0       0       0       0       0       0       0
      Locals:         2       0       0       0       0       0       0       0       0
      Temps:          1       0       0       0       0       0       0       0       0
      Totals:         3       0       0       0       0       0       0       0       0
Total ram usage:        3 bytes
 Hardware stack levels used:    1
 Hardware stack levels required when called:    5
 This function calls:
		_lcd_write_cmd
 This function is called by:
		_main
 This function uses a non-reentrant model


 *************** function _displayAlarmOn *****************
 Defined at:
		line 232 in file "Main.c"
 Parameters:    Size  Location     Type
		None
 Auto vars:     Size  Location     Type
		None
 Return value:  Size  Location     Type
		None               void
 Registers used:
		None
 Tracked objects:
		On entry : 
		On exit  : 
		Unchanged: 
 Data sizes:     COMRAM   BANK0   BANK1   BANK2   BANK3   BANK4   BANK5   BANK6   BANK7
      Params:         0       0       0       0       0       0       0       0       0
      Locals:         0       0       0       0       0       0       0       0       0
      Temps:          0       0       0       0       0       0       0       0       0
      Totals:         0       0       0       0       0       0       0       0       0
Total ram usage:        0 bytes
 Hardware stack levels used:    1
 Hardware stack levels required when called:    3
 This function calls:
		Nothing
 This function is called by:
		_main
 This function uses a non-reentrant model


 *************** function _displayAlarmOff *****************
 Defined at:
		line 238 in file "Main.c"
 Parameters:    Size  Location     Type
		None
 Auto vars:     Size  Location     Type
		None
 Return value:  Size  Location     Type
		None               void
 Registers used:
		None
 Tracked objects:
		On entry : 
		On exit  : 
		Unchanged: 
 Data sizes:     COMRAM   BANK0   BANK1   BANK2   BANK3   BANK4   BANK5   BANK6   BANK7
      Params:         0       0       0       0       0       0       0       0       0
      Locals:         0       0       0       0       0       0       0       0       0
      Temps:          0       0       0       0       0       0       0       0       0
      Totals:         0       0       0       0       0       0       0       0       0
Total ram usage:        0 bytes
 Hardware stack levels used:    1
 Hardware stack levels required when called:    3
 This function calls:
		Nothing
 This function is called by:
		_main
 This function uses a non-reentrant model


 *************** function _SetupTimerInterruptRegisters *****************
 Defined at:
		line 196 in file "Main.c"
 Parameters:    Size  Location     Type
		None
 Auto vars:     Size  Location     Type
		None
 Return value:  Size  Location     Type
		None               void
 Registers used:
		wreg, status,2
 Tracked objects:
		On entry : 
		On exit  : 
		Unchanged: 
 Data sizes:     COMRAM   BANK0   BANK1   BANK2   BANK3   BANK4   BANK5   BANK6   BANK7
      Params:         0       0       0       0       0       0       0       0       0
      Locals:         0       0       0       0       0       0       0       0       0
      Temps:          0       0       0       0       0       0       0       0       0
      Totals:         0       0       0       0       0       0       0       0       0
Total ram usage:        0 bytes
 Hardware stack levels used:    1
 Hardware stack levels required when called:    3
 This function calls:
		Nothing
 This function is called by:
		_main
 This function uses a non-reentrant model


 *************** function _SetupTime *****************
 Defined at:
		line 109 in file "Main.c"
 Parameters:    Size  Location     Type
		None
 Auto vars:     Size  Location     Type
  Message        21    0[BANK0 ] unsigned char [21]
  ctemp           1   29[BANK0 ] unsigned char 
  msgindex        1   28[BANK0 ] unsigned char 
  second1         1   27[BANK0 ] unsigned char 
  second10        1   26[BANK0 ] unsigned char 
  minute1         1   25[BANK0 ] unsigned char 
  minute10        1   24[BANK0 ] unsigned char 
  hour1           1   23[BANK0 ] unsigned char 
  hour10          1   22[BANK0 ] unsigned char 
  outchar         1   21[BANK0 ] unsigned char 
 Return value:  Size  Location     Type
		None               void
 Registers used:
		wreg, fsr1l, fsr1h, fsr2l, fsr2h, status,2, status,0, tblptrl, tblptrh, tblptru, prodl, prodh, cstack
 Tracked objects:
		On entry : 
		On exit  : 
		Unchanged: 
 Data sizes:     COMRAM   BANK0   BANK1   BANK2   BANK3   BANK4   BANK5   BANK6   BANK7
      Params:         0       0       0       0       0       0       0       0       0
      Locals:         0      30       0       0       0       0       0       0       0
      Temps:          0       0       0       0       0       0       0       0       0
      Totals:         0      30       0       0       0       0       0       0       0
Total ram usage:       30 bytes
 Hardware stack levels used:    1
 Hardware stack levels required when called:    5
 This function calls:
		_char_2_int
		_delay_ms
		_getkey
		_lcd_write_cmd
		_lcd_write_data
 This function is called by:
		_main
 This function uses a non-reentrant model


 *************** function _SetupAlarmTime *****************
 Defined at:
		line 157 in file "Main.c"
 Parameters:    Size  Location     Type
		None
 Auto vars:     Size  Location     Type
  Message        21    0[BANK0 ] unsigned char [21]
  ctemp           1   27[BANK0 ] unsigned char 
  msgindex        1   26[BANK0 ] unsigned char 
  minute1         1   25[BANK0 ] unsigned char 
  minute10        1   24[BANK0 ] unsigned char 
  hour1           1   23[BANK0 ] unsigned char 
  hour10          1   22[BANK0 ] unsigned char 
  outchar         1   21[BANK0 ] unsigned char 
 Return value:  Size  Location     Type
		None               void
 Registers used:
		wreg, fsr1l, fsr1h, fsr2l, fsr2h, status,2, status,0, tblptrl, tblptrh, tblptru, prodl, prodh, cstack
 Tracked objects:
		On entry : 
		On exit  : 
		Unchanged: 
 Data sizes:     COMRAM   BANK0   BANK1   BANK2   BANK3   BANK4   BANK5   BANK6   BANK7
      Params:         0       0       0       0       0       0       0       0       0
      Locals:         0      28       0       0       0       0       0       0       0
      Temps:          0       0       0       0       0       0       0       0       0
      Totals:         0      28       0       0       0       0       0       0       0
Total ram usage:       28 bytes
 Hardware stack levels used:    1
 Hardware stack levels required when called:    5
 This function calls:
		_char_2_int
		_delay_ms
		_getkey
		_lcd_write_cmd
		_lcd_write_data
 This function is called by:
		_main
 This function uses a non-reentrant model


 *************** function _lcd_write_data *****************
 Defined at:
		line 43 in file "lcd_utilities.c"
 Parameters:    Size  Location     Type
  data            1    wreg     unsigned char 
 Auto vars:     Size  Location     Type
  data            1   30[COMRAM] unsigned char 
  temp1           1   31[COMRAM] unsigned char 
 Return value:  Size  Location     Type
		None               void
 Registers used:
		wreg, status,2, status,0, cstack
 Tracked objects:
		On entry : 
		On exit  : 
		Unchanged: 
 Data sizes:     COMRAM   BANK0   BANK1   BANK2   BANK3   BANK4   BANK5   BANK6   BANK7
      Params:         0       0       0       0       0       0       0       0       0
      Locals:         2       0       0       0       0       0       0       0       0
      Temps:          1       0       0       0       0       0       0       0       0
      Totals:         3       0       0       0       0       0       0       0       0
Total ram usage:        3 bytes
 Hardware stack levels used:    1
 Hardware stack levels required when called:    4
 This function calls:
		_lcd_strobe
 This function is called by:
		_SetupTime
		_SetupAlarmTime
 This function uses a non-reentrant model


 *************** function _lcd_write_cmd *****************
 Defined at:
		line 18 in file "lcd_utilities.c"
 Parameters:    Size  Location     Type
  cmd             1    wreg     unsigned char 
 Auto vars:     Size  Location     Type
  cmd             1   30[COMRAM] unsigned char 
  temp2           1   31[COMRAM] unsigned char 
 Return value:  Size  Location     Type
		None               void
 Registers used:
		wreg, status,2, status,0, cstack
 Tracked objects:
		On entry : 
		On exit  : 
		Unchanged: 
 Data sizes:     COMRAM   BANK0   BANK1   BANK2   BANK3   BANK4   BANK5   BANK6   BANK7
      Params:         0       0       0       0       0       0       0       0       0
      Locals:         2       0       0       0       0       0       0       0       0
      Temps:          1       0       0       0       0       0       0       0       0
      Totals:         3       0       0       0       0       0       0       0       0
Total ram usage:        3 bytes
 Hardware stack levels used:    1
 Hardware stack levels required when called:    4
 This function calls:
		_lcd_strobe
 This function is called by:
		_lcd_init
		_SetupTime
		_SetupAlarmTime
 This function uses a non-reentrant model


 *************** function _lcd_strobe *****************
 Defined at:
		line 73 in file "lcd_utilities.c"
 Parameters:    Size  Location     Type
		None
 Auto vars:     Size  Location     Type
		None
 Return value:  Size  Location     Type
		None               void
 Registers used:
		wreg
 Tracked objects:
		On entry : 
		On exit  : 
		Unchanged: 
 Data sizes:     COMRAM   BANK0   BANK1   BANK2   BANK3   BANK4   BANK5   BANK6   BANK7
      Params:         0       0       0       0       0       0       0       0       0
      Locals:         0       0       0       0       0       0       0       0       0
      Temps:          1       0       0       0       0       0       0       0       0
      Totals:         1       0       0       0       0       0       0       0       0
Total ram usage:        1 bytes
 Hardware stack levels used:    1
 Hardware stack levels required when called:    3
 This function calls:
		Nothing
 This function is called by:
		_lcd_write_cmd
		_lcd_write_data
 This function uses a non-reentrant model


 *************** function _getkey *****************
 Defined at:
		line 17 in file "keypad_utilities.c"
 Parameters:    Size  Location     Type
		None
 Auto vars:     Size  Location     Type
  lookup         18   28[COMRAM] const unsigned char [18]
  keycode         1   46[COMRAM] unsigned char 
 Return value:  Size  Location     Type
                  1    wreg      unsigned char 
 Registers used:
		wreg, fsr2l, fsr2h, status,2, status,0, tblptrl, tblptrh, tblptru, prodl, prodh
 Tracked objects:
		On entry : 
		On exit  : 
		Unchanged: 
 Data sizes:     COMRAM   BANK0   BANK1   BANK2   BANK3   BANK4   BANK5   BANK6   BANK7
      Params:         0       0       0       0       0       0       0       0       0
      Locals:        19       0       0       0       0       0       0       0       0
      Temps:          0       0       0       0       0       0       0       0       0
      Totals:        19       0       0       0       0       0       0       0       0
Total ram usage:       19 bytes
 Hardware stack levels used:    1
 Hardware stack levels required when called:    3
 This function calls:
		Nothing
 This function is called by:
		_SetupTime
		_SetupAlarmTime
 This function uses a non-reentrant model


 *************** function _delay_ms *****************
 Defined at:
		line 10 in file "delays_utilities.c"
 Parameters:    Size  Location     Type
  i               2   28[COMRAM] unsigned int 
 Auto vars:     Size  Location     Type
  j               2   31[COMRAM] unsigned int 
 Return value:  Size  Location     Type
		None               void
 Registers used:
		wreg, status,2, status,0
 Tracked objects:
		On entry : 
		On exit  : 
		Unchanged: 
 Data sizes:     COMRAM   BANK0   BANK1   BANK2   BANK3   BANK4   BANK5   BANK6   BANK7
      Params:         2       0       0       0       0       0       0       0       0
      Locals:         2       0       0       0       0       0       0       0       0
      Temps:          1       0       0       0       0       0       0       0       0
      Totals:         5       0       0       0       0       0       0       0       0
Total ram usage:        5 bytes
 Hardware stack levels used:    1
 Hardware stack levels required when called:    3
 This function calls:
		Nothing
 This function is called by:
		_SetupTime
		_SetupAlarmTime
 This function uses a non-reentrant model


 *************** function _char_2_int *****************
 Defined at:
		line 37 in file "Main.c"
 Parameters:    Size  Location     Type
  char1           1    wreg     unsigned char 
 Auto vars:     Size  Location     Type
  char1           1   28[COMRAM] unsigned char 
  int1            1   29[COMRAM] unsigned char 
 Return value:  Size  Location     Type
                  1    wreg      unsigned char 
 Registers used:
		wreg, status,2, status,0
 Tracked objects:
		On entry : 
		On exit  : 
		Unchanged: 
 Data sizes:     COMRAM   BANK0   BANK1   BANK2   BANK3   BANK4   BANK5   BANK6   BANK7
      Params:         0       0       0       0       0       0       0       0       0
      Locals:         2       0       0       0       0       0       0       0       0
      Temps:          0       0       0       0       0       0       0       0       0
      Totals:         2       0       0       0       0       0       0       0       0
Total ram usage:        2 bytes
 Hardware stack levels used:    1
 Hardware stack levels required when called:    3
 This function calls:
		Nothing
 This function is called by:
		_SetupTime
		_SetupAlarmTime
 This function uses a non-reentrant model


 *************** function _ISR_Timer0_Int *****************
 Defined at:
		line 57 in file "Main.c"
 Parameters:    Size  Location     Type
		None
 Auto vars:     Size  Location     Type
  second10        1   27[COMRAM] unsigned char 
  minute10        1   26[COMRAM] unsigned char 
  hour10          1   25[COMRAM] unsigned char 
  second1         1   24[COMRAM] unsigned char 
  minute1         1   23[COMRAM] unsigned char 
  hour1           1   22[COMRAM] unsigned char 
 Return value:  Size  Location     Type
		None               void
 Registers used:
		wreg, status,2, status,0, prodl, prodh, cstack
 Tracked objects:
		On entry : 
		On exit  : 
		Unchanged: 
 Data sizes:     COMRAM   BANK0   BANK1   BANK2   BANK3   BANK4   BANK5   BANK6   BANK7
      Params:         0       0       0       0       0       0       0       0       0
      Locals:         6       0       0       0       0       0       0       0       0
      Temps:         14       0       0       0       0       0       0       0       0
      Totals:        20       0       0       0       0       0       0       0       0
Total ram usage:       20 bytes
 Hardware stack levels used:    1
 Hardware stack levels required when called:    2
 This function calls:
		___awdiv
		_int_2_char
		i2_lcd_write_cmd
		i2_lcd_write_data
 This function is called by:
		Interrupt level 2
 This function uses a non-reentrant model


 *************** function i2_lcd_write_data *****************
 Defined at:
		line 43 in file "lcd_utilities.c"
 Parameters:    Size  Location     Type
  data            1    wreg     unsigned char 
 Auto vars:     Size  Location     Type
  data            1    2[COMRAM] unsigned char 
  lcd_write_da    1    3[COMRAM] unsigned char 
 Return value:  Size  Location     Type
		None               void
 Registers used:
		wreg, status,2, status,0, cstack
 Tracked objects:
		On entry : 
		On exit  : 
		Unchanged: 
 Data sizes:     COMRAM   BANK0   BANK1   BANK2   BANK3   BANK4   BANK5   BANK6   BANK7
      Params:         0       0       0       0       0       0       0       0       0
      Locals:         2       0       0       0       0       0       0       0       0
      Temps:          1       0       0       0       0       0       0       0       0
      Totals:         3       0       0       0       0       0       0       0       0
Total ram usage:        3 bytes
 Hardware stack levels used:    1
 Hardware stack levels required when called:    1
 This function calls:
		i2_lcd_strobe
 This function is called by:
		_ISR_Timer0_Int
 This function uses a non-reentrant model


 *************** function i2_lcd_write_cmd *****************
 Defined at:
		line 18 in file "lcd_utilities.c"
 Parameters:    Size  Location     Type
  cmd             1    wreg     unsigned char 
 Auto vars:     Size  Location     Type
  cmd             1    2[COMRAM] unsigned char 
  lcd_write_cm    1    3[COMRAM] unsigned char 
 Return value:  Size  Location     Type
		None               void
 Registers used:
		wreg, status,2, status,0, cstack
 Tracked objects:
		On entry : 
		On exit  : 
		Unchanged: 
 Data sizes:     COMRAM   BANK0   BANK1   BANK2   BANK3   BANK4   BANK5   BANK6   BANK7
      Params:         0       0       0       0       0       0       0       0       0
      Locals:         2       0       0       0       0       0       0       0       0
      Temps:          1       0       0       0       0       0       0       0       0
      Totals:         3       0       0       0       0       0       0       0       0
Total ram usage:        3 bytes
 Hardware stack levels used:    1
 Hardware stack levels required when called:    1
 This function calls:
		i2_lcd_strobe
 This function is called by:
		_ISR_Timer0_Int
 This function uses a non-reentrant model


 *************** function i2_lcd_strobe *****************
 Defined at:
		line 73 in file "lcd_utilities.c"
 Parameters:    Size  Location     Type
		None
 Auto vars:     Size  Location     Type
		None
 Return value:  Size  Location     Type
		None               void
 Registers used:
		wreg
 Tracked objects:
		On entry : 
		On exit  : 
		Unchanged: 
 Data sizes:     COMRAM   BANK0   BANK1   BANK2   BANK3   BANK4   BANK5   BANK6   BANK7
      Params:         0       0       0       0       0       0       0       0       0
      Locals:         0       0       0       0       0       0       0       0       0
      Temps:          1       0       0       0       0       0       0       0       0
      Totals:         1       0       0       0       0       0       0       0       0
Total ram usage:        1 bytes
 Hardware stack levels used:    1
 This function calls:
		Nothing
 This function is called by:
		i2_lcd_write_cmd
		i2_lcd_write_data
 This function uses a non-reentrant model


 *************** function _int_2_char *****************
 Defined at:
		line 17 in file "Main.c"
 Parameters:    Size  Location     Type
  int1            1    wreg     unsigned char 
 Auto vars:     Size  Location     Type
  int1            1    0[COMRAM] unsigned char 
  char1           1    1[COMRAM] unsigned char 
 Return value:  Size  Location     Type
                  1    wreg      unsigned char 
 Registers used:
		wreg, status,2, status,0
 Tracked objects:
		On entry : 
		On exit  : 
		Unchanged: 
 Data sizes:     COMRAM   BANK0   BANK1   BANK2   BANK3   BANK4   BANK5   BANK6   BANK7
      Params:         0       0       0       0       0       0       0       0       0
      Locals:         2       0       0       0       0       0       0       0       0
      Temps:          0       0       0       0       0       0       0       0       0
      Totals:         2       0       0       0       0       0       0       0       0
Total ram usage:        2 bytes
 Hardware stack levels used:    1
 This function calls:
		Nothing
 This function is called by:
		_ISR_Timer0_Int
 This function uses a non-reentrant model


 *************** function ___awdiv *****************
 Defined at:
		line 8 in file "C:\Program Files (x86)\Microchip\xc8\v1.35\sources\common\awdiv.c"
 Parameters:    Size  Location     Type
  dividend        2    0[COMRAM] int 
  divisor         2    2[COMRAM] int 
 Auto vars:     Size  Location     Type
  quotient        2    6[COMRAM] int 
  sign            1    5[COMRAM] unsigned char 
  counter         1    4[COMRAM] unsigned char 
 Return value:  Size  Location     Type
                  2    0[COMRAM] int 
 Registers used:
		wreg, status,2, status,0
 Tracked objects:
		On entry : 
		On exit  : 
		Unchanged: 
 Data sizes:     COMRAM   BANK0   BANK1   BANK2   BANK3   BANK4   BANK5   BANK6   BANK7
      Params:         4       0       0       0       0       0       0       0       0
      Locals:         4       0       0       0       0       0       0       0       0
      Temps:          0       0       0       0       0       0       0       0       0
      Totals:         8       0       0       0       0       0       0       0       0
Total ram usage:        8 bytes
 Hardware stack levels used:    1
 This function calls:
		Nothing
 This function is called by:
		_ISR_Timer0_Int
 This function uses a non-reentrant model



MODULE INFORMATION

Module		Function		Class		Link	Load	Size
C:\Program Files (x86)\Microchip\xc8\v1.35\sources\common\awdiv.c
		___awdiv       		CODE           	1500	0000	133

C:\Program Files (x86)\Microchip\xc8\v1.35\sources\common\awdiv.c estimated size: 133

lcd_utilities.c
		_lcd_write_data		CODE           	13D8	0000	149
		_lcd_write_cmd 		CODE           	16DE	0000	113
		_lcd_strobe    		CODE           	18DE	0000	35
		_lcd_init      		CODE           	15FA	0000	115

lcd_utilities.c estimated size: 412

keypad_utilities.c
		_getkey        		CODE           	180E	0000	59

keypad_utilities.c estimated size: 59

Main.c
		_int_2_char    		CODE           	1584	0000	119
		_ISR_Timer0_Int		CODE           	1008	0000	395
		_char_2_int    		CODE           	166C	0000	115
		_main          		CODE           	17BE	0000	81
		_SetupAlarmTime		CODE           	12E4	0000	245
		_displayAlarmOn		CODE           	193E	0000	7
		_SetupTime     		CODE           	11AA	0000	315
		_SetupTimerInterruptRegisters		CODE           	1922	0000	29
		_displayAlarmOff		CODE           	1944	0000	7

Main.c estimated size: 1313

shared
		i2_lcd_write_cmd		CODE           	174E	0000	113
		__initialization		CODE           	1848	0000	43
		i2_lcd_write_data		CODE           	146C	0000	149
		i2_lcd_strobe  		CODE           	1900	0000	35
		getkey@F4444   		SMALLCONST     	101B	0000	19

shared estimated size: 359

delays_utilities.c
		_delay_ms      		CODE           	1880	0000	53

delays_utilities.c estimated size: 53

